<?xml version="1.0" encoding="utf-8"?>
<TestRun id="aba83f53-6d94-419f-845f-9ff484853cd5" name="@HonuaAI 2026-09-26 12:57:46" xmlns="http://microsoft.com/schemas/VisualStudio/TeamTest/2010">
  <Times creation="2026-09-26T12:57:46.1209736-10:00" queuing="2026-09-26T12:57:46.1209739-10:00" start="2026-09-26T12:57:12.8721531-10:00" finish="2026-09-26T13:03:41.1584354-10:00" />
  <TestSettings name="default" id="c4b038e2-f984-481f-bfb6-8140a9c6ee41">
    <Deployment runDeploymentRoot="_HonuaAI_2026-09-26_12_57_46" />
  </TestSettings>
  <Results>
    <UnitTestResult executionId="e0c3c041-7cf7-4d98-acb4-75660e6f1ed3" testId="4a49c734-ea42-02a5-261d-cab8be805fc7" testName="Honua.DevOps.Agent.Tests.ProtectedRecoveryLiveJourneyTests.Live_DeclaredRecovery_IsFencedRecordedAndHoldsOnNextReconcile" computerName="HonuaAI" duration="00:02:27.6464307" startTime="2026-09-26T12:59:53.6867140-10:00" endTime="2026-09-26T13:02:21.1943217-10:00" testType="13cdc9d9-ddb5-4fa4-a97d-d965ccfc6d4b" outcome="Passed" testListId="8c84fa94-04c1-424b-9868-57a2d4851a1d" relativeResultsDirectory="e0c3c041-7cf7-4d98-acb4-75660e6f1ed3">
      <Output>
        <StdOut>protected-recovery-server revision=80e23bedfe8ff7b43362c8d8ea22bfae1756df7d index=sha256:9869f044b1c5d0de15aef6c87cc3d60383037ee9a4346d08bb9c83f2c56cc176</StdOut>
      </Output>
    </UnitTestResult>
    <UnitTestResult executionId="c974c8fb-124a-43a7-820c-ad26b88ca201" testId="fc136dea-1f40-8d96-b2f3-89cb8c53b979" testName="Honua.DevOps.Agent.Tests.ProtectedRecoveryLiveJourneyTests.Live_GenericRollbackTool_StaysGated" computerName="HonuaAI" duration="00:01:17.2679227" startTime="2026-09-26T13:02:21.1960114-10:00" endTime="2026-09-26T13:03:38.4391778-10:00" testType="13cdc9d9-ddb5-4fa4-a97d-d965ccfc6d4b" outcome="Passed" testListId="8c84fa94-04c1-424b-9868-57a2d4851a1d" relativeResultsDirectory="c974c8fb-124a-43a7-820c-ad26b88ca201">
      <Output>
        <StdOut>protected-recovery-server revision=80e23bedfe8ff7b43362c8d8ea22bfae1756df7d index=sha256:9869f044b1c5d0de15aef6c87cc3d60383037ee9a4346d08bb9c83f2c56cc176</StdOut>
      </Output>
    </UnitTestResult>
    <UnitTestResult executionId="d3323db5-de20-4374-ab9e-4fdb3769182f" testId="fb291d93-9ee4-b452-fd5c-8feaff10390c" testName="Honua.DevOps.Agent.Tests.ProtectedRecoveryLiveJourneyTests.Live_FailedServerRecovery_QuarantinesWithoutClaimingRestoration" computerName="HonuaAI" duration="00:00:26.9833123" startTime="2026-09-26T12:57:18.8566000-10:00" endTime="2026-09-26T12:57:45.8109717-10:00" testType="13cdc9d9-ddb5-4fa4-a97d-d965ccfc6d4b" outcome="Passed" testListId="8c84fa94-04c1-424b-9868-57a2d4851a1d" relativeResultsDirectory="d3323db5-de20-4374-ab9e-4fdb3769182f">
      <Output>
        <StdOut>protected-recovery-server revision=80e23bedfe8ff7b43362c8d8ea22bfae1756df7d index=sha256:9869f044b1c5d0de15aef6c87cc3d60383037ee9a4346d08bb9c83f2c56cc176</StdOut>
      </Output>
    </UnitTestResult>
    <UnitTestResult executionId="5b5d6db6-c3e6-4ed4-abde-6504444a441c" testId="a5c25cbb-4e1f-ac64-2bc0-4ee6e74e8702" testName="Honua.DevOps.Agent.Tests.ProtectedRecoveryLiveJourneyTests.Live_ServerRecoveryOnInjectedRegression_IsFoldedIntoDesiredIntent" computerName="HonuaAI" duration="00:00:42.8535984" startTime="2026-09-26T12:59:10.9510016-10:00" endTime="2026-09-26T12:59:53.6850205-10:00" testType="13cdc9d9-ddb5-4fa4-a97d-d965ccfc6d4b" outcome="Passed" testListId="8c84fa94-04c1-424b-9868-57a2d4851a1d" relativeResultsDirectory="5b5d6db6-c3e6-4ed4-abde-6504444a441c">
      <Output>
        <StdOut>protected-recovery-server revision=80e23bedfe8ff7b43362c8d8ea22bfae1756df7d index=sha256:9869f044b1c5d0de15aef6c87cc3d60383037ee9a4346d08bb9c83f2c56cc176</StdOut>
      </Output>
    </UnitTestResult>
    <UnitTestResult executionId="a0deba95-609c-4e23-b3b2-8f16152c31ab" testId="6f39cf51-38c7-64ae-4413-1eee8d9fffbb" testName="Honua.DevOps.Agent.Tests.ProtectedRecoveryLiveJourneyTests.Live_NewerApprovedIntent_RefusesOlderRecoveryWithoutRequest" computerName="HonuaAI" duration="00:01:25.1155764" startTime="2026-09-26T12:57:45.9553123-10:00" endTime="2026-09-26T12:59:10.9072784-10:00" testType="13cdc9d9-ddb5-4fa4-a97d-d965ccfc6d4b" outcome="Passed" testListId="8c84fa94-04c1-424b-9868-57a2d4851a1d" relativeResultsDirectory="a0deba95-609c-4e23-b3b2-8f16152c31ab">
      <Output>
        <StdOut>protected-recovery-server revision=80e23bedfe8ff7b43362c8d8ea22bfae1756df7d index=sha256:9869f044b1c5d0de15aef6c87cc3d60383037ee9a4346d08bb9c83f2c56cc176</StdOut>
      </Output>
    </UnitTestResult>
  </Results>
  <TestDefinitions>
    <UnitTest name="Honua.DevOps.Agent.Tests.ProtectedRecoveryLiveJourneyTests.Live_ServerRecoveryOnInjectedRegression_IsFoldedIntoDesiredIntent" storage="/home/mike/honua-io/honua-devops/tests/honua.devops.agent.tests/bin/debug/net10.0/honua.devops.agent.tests.dll" id="a5c25cbb-4e1f-ac64-2bc0-4ee6e74e8702">
      <Execution id="5b5d6db6-c3e6-4ed4-abde-6504444a441c" />
      <TestMethod codeBase="/home/mike/honua-io/honua-devops/tests/Honua.DevOps.Agent.Tests/bin/Debug/net10.0/Honua.DevOps.Agent.Tests.dll" adapterTypeName="executor://xunit/VsTestRunner3/netcore/" className="Honua.DevOps.Agent.Tests.ProtectedRecoveryLiveJourneyTests" name="Live_ServerRecoveryOnInjectedRegression_IsFoldedIntoDesiredIntent" />
    </UnitTest>
    <UnitTest name="Honua.DevOps.Agent.Tests.ProtectedRecoveryLiveJourneyTests.Live_DeclaredRecovery_IsFencedRecordedAndHoldsOnNextReconcile" storage="/home/mike/honua-io/honua-devops/tests/honua.devops.agent.tests/bin/debug/net10.0/honua.devops.agent.tests.dll" id="4a49c734-ea42-02a5-261d-cab8be805fc7">
      <Execution id="e0c3c041-7cf7-4d98-acb4-75660e6f1ed3" />
      <TestMethod codeBase="/home/mike/honua-io/honua-devops/tests/Honua.DevOps.Agent.Tests/bin/Debug/net10.0/Honua.DevOps.Agent.Tests.dll" adapterTypeName="executor://xunit/VsTestRunner3/netcore/" className="Honua.DevOps.Agent.Tests.ProtectedRecoveryLiveJourneyTests" name="Live_DeclaredRecovery_IsFencedRecordedAndHoldsOnNextReconcile" />
    </UnitTest>
    <UnitTest name="Honua.DevOps.Agent.Tests.ProtectedRecoveryLiveJourneyTests.Live_GenericRollbackTool_StaysGated" storage="/home/mike/honua-io/honua-devops/tests/honua.devops.agent.tests/bin/debug/net10.0/honua.devops.agent.tests.dll" id="fc136dea-1f40-8d96-b2f3-89cb8c53b979">
      <Execution id="c974c8fb-124a-43a7-820c-ad26b88ca201" />
      <TestMethod codeBase="/home/mike/honua-io/honua-devops/tests/Honua.DevOps.Agent.Tests/bin/Debug/net10.0/Honua.DevOps.Agent.Tests.dll" adapterTypeName="executor://xunit/VsTestRunner3/netcore/" className="Honua.DevOps.Agent.Tests.ProtectedRecoveryLiveJourneyTests" name="Live_GenericRollbackTool_StaysGated" />
    </UnitTest>
    <UnitTest name="Honua.DevOps.Agent.Tests.ProtectedRecoveryLiveJourneyTests.Live_NewerApprovedIntent_RefusesOlderRecoveryWithoutRequest" storage="/home/mike/honua-io/honua-devops/tests/honua.devops.agent.tests/bin/debug/net10.0/honua.devops.agent.tests.dll" id="6f39cf51-38c7-64ae-4413-1eee8d9fffbb">
      <Execution id="a0deba95-609c-4e23-b3b2-8f16152c31ab" />
      <TestMethod codeBase="/home/mike/honua-io/honua-devops/tests/Honua.DevOps.Agent.Tests/bin/Debug/net10.0/Honua.DevOps.Agent.Tests.dll" adapterTypeName="executor://xunit/VsTestRunner3/netcore/" className="Honua.DevOps.Agent.Tests.ProtectedRecoveryLiveJourneyTests" name="Live_NewerApprovedIntent_RefusesOlderRecoveryWithoutRequest" />
    </UnitTest>
    <UnitTest name="Honua.DevOps.Agent.Tests.ProtectedRecoveryLiveJourneyTests.Live_FailedServerRecovery_QuarantinesWithoutClaimingRestoration" storage="/home/mike/honua-io/honua-devops/tests/honua.devops.agent.tests/bin/debug/net10.0/honua.devops.agent.tests.dll" id="fb291d93-9ee4-b452-fd5c-8feaff10390c">
      <Execution id="d3323db5-de20-4374-ab9e-4fdb3769182f" />
      <TestMethod codeBase="/home/mike/honua-io/honua-devops/tests/Honua.DevOps.Agent.Tests/bin/Debug/net10.0/Honua.DevOps.Agent.Tests.dll" adapterTypeName="executor://xunit/VsTestRunner3/netcore/" className="Honua.DevOps.Agent.Tests.ProtectedRecoveryLiveJourneyTests" name="Live_FailedServerRecovery_QuarantinesWithoutClaimingRestoration" />
    </UnitTest>
  </TestDefinitions>
  <TestEntries>
    <TestEntry testId="4a49c734-ea42-02a5-261d-cab8be805fc7" executionId="e0c3c041-7cf7-4d98-acb4-75660e6f1ed3" testListId="8c84fa94-04c1-424b-9868-57a2d4851a1d" />
    <TestEntry testId="fc136dea-1f40-8d96-b2f3-89cb8c53b979" executionId="c974c8fb-124a-43a7-820c-ad26b88ca201" testListId="8c84fa94-04c1-424b-9868-57a2d4851a1d" />
    <TestEntry testId="fb291d93-9ee4-b452-fd5c-8feaff10390c" executionId="d3323db5-de20-4374-ab9e-4fdb3769182f" testListId="8c84fa94-04c1-424b-9868-57a2d4851a1d" />
    <TestEntry testId="a5c25cbb-4e1f-ac64-2bc0-4ee6e74e8702" executionId="5b5d6db6-c3e6-4ed4-abde-6504444a441c" testListId="8c84fa94-04c1-424b-9868-57a2d4851a1d" />
    <TestEntry testId="6f39cf51-38c7-64ae-4413-1eee8d9fffbb" executionId="a0deba95-609c-4e23-b3b2-8f16152c31ab" testListId="8c84fa94-04c1-424b-9868-57a2d4851a1d" />
  </TestEntries>
  <TestLists>
    <TestList name="Results Not in a List" id="8c84fa94-04c1-424b-9868-57a2d4851a1d" />
    <TestList name="All Loaded Results" id="19431567-8539-422a-85d7-44ee4e166bda" />
  </TestLists>
  <ResultSummary outcome="Completed">
    <Counters total="5" executed="5" passed="5" failed="0" error="0" timeout="0" aborted="0" inconclusive="0" passedButRunAborted="0" notRunnable="0" notExecuted="0" disconnected="0" warning="0" completed="0" inProgress="0" pending="0" />
    <Output>
      <StdOut>[xUnit.net 00:00:00.03] xUnit.net VSTest Adapter v3.1.4+50e68bbb8b (64-bit .NET 10.0.11)
[xUnit.net 00:00:00.73]   Discovering: Honua.DevOps.Agent.Tests
[xUnit.net 00:00:02.80]   Discovered:  Honua.DevOps.Agent.Tests
[xUnit.net 00:00:02.97]   Starting:    Honua.DevOps.Agent.Tests
[xUnit.net 00:06:23.39]   Finished:    Honua.DevOps.Agent.Tests
</StdOut>
    </Output>
  </ResultSummary>
</TestRun>